Running all tests (unit and integration)

Running pytest with arguments: ['tests/']

============================= test session starts =============================
platform win32 -- Python 3.10.16, pytest-8.3.5, pluggy-1.5.0
rootdir: C:\Users\arthu\Desktop\AGENT_VF\tests
configfile: pytest.ini
plugins: anyio-4.9.0, langsmith-0.3.42, mock-3.14.0
collected 60 items

tests\test_api.py .....ssssssss                                          [ 21%]
tests\test_orchestrator.py ....ss                                        [ 31%]
tests\test_rag.py ....ssssssss                                           [ 51%]
tests\test_validator.py ...................                              [ 83%]
tests\test_writer.py ....ssssss                                          [100%]

======================= 36 passed, 24 skipped in 0.93s ========================

[OK] All selected tests passed!
